[   0.00000]Linu versin 4.15.00-geneicbuuildd@lg01amd64-0) (gc vrsion 7.4. (buntu 7.4.-1buntu1~18.04)) #6Ubntu SMP huAug 22 1:55:30 UTC 2019 (Ubuntu 4.15.0-60.67-generic 4.15.18)
[    0.000000] Command line: BOOT_IMAGE=/boot/vmlinuz-4.15.0-60-generic root=UUID=3364ebc8-7e32-4850-8391-76f1de97f453 ro console=tty1 console=ttyS0
[    0.000000] KERNEL supported cpus:
[    0.000000]   Intel GenuineIntel
[    0.000000]   AMD AuthenticAMD
[    0.000000]   Centaur CentaurHauls
[    0.000000] x86/fpu: Supporting XSAVE feature 0x001: 'x87 floating point registers'
[    0.000000] x86/fpu: Supporting XSAVE feature 0x002: 'SSE registers'
[    0.000000] x86/fpu: Supporting XSAVE feature 0x004: 'AVX registers'
[    0.000000] x86/fpu: xstate_offset[2]:  576, xstate_sizes[2]:  256
[    0.000000] x86/fpu: Enabled xstate features 0x7, context size is 832 bytes, using 'standard' format.
[    0.000000] e820: BIOS-provided physical RAM map:
[    0.000000] BIOS-e820: [mem 0x0000000000000000-0x000000000009fbff] usable
[    0.000000] BIOS-e820: [mem 0x000000000009fc00-0x000000000009ffff] reserved
[    0.000000] BIOS-e820: [mem 0x00000000000f0000-0x00000000000fffff] reserved
[    0.000000] BIOS-e820: [mem 0x0000000000100000-0x000000003ffeffff] usable
[    0.000000] BIOS-e820: [mem 0x000000003fff0000-0x000000003fffffff] ACPI data
[    0.000000] BIOS-e820: [mem 0x00000000fec00000-0x00000000fec00fff] reserved
[    0.000000] BIOS-e820: [mem 0x00000000fee00000-0x00000000fee00fff] reserved
[    0.000000] BIOS-e820: [mem 0x00000000fffc0000-0x00000000ffffffff] reserved
[    0.000000] NX (Execute Disable) protection: active
[    0.000000] SMBIOS 2.5 present.
[    0.000000] DMI: innotek GmbH VirtualBox/VirtualBox, BIOS VirtualBox 12/01/2006
[    0.000000] Hypervisor detected: KVM
[    0.000000] e820: last_pfn = 0x3fff0 max_arch_pfn = 0x400000000
[    0.000000] MTRR: Disabled
[    0.000000] x86/PAT: MTRRs disabled, skipping PAT initialization too.
[    0.000000] CPU MTRRs all blank - virtualized system.
[    0.000000] x86/PAT: Configuration [0-7]: WB  WT  UC- UC  WB  WT  UC- UC  
[    0.000000] found SMP MP-table at [mem 0x0009fff0-0x0009ffff]
[    0.000000] Scanning 1 areas for low memory corruption
[    0.000000] RAMDISK: [mem 0x3598500-036b9fff]
[  0.00000] CPI: Early table checksum verficationdiabled[    0.0000] ACPI: SD 0x0000000000E0000 0004 (v02VBX  )
   0.000000] ACPI: XSDT 0x000000003FFF0030 0000C v01 BO   VBOXST 000000 AL  0000061)
[    0.000000] ACPI: FACP 0x000000003FFF00F0 0000F4 (v04 VBOX   VBOXFACP 00000001 ASL  00000061)
[    0.000000] ACPI: DSDT 0x000000003FFF0470 0021FF (v02 VBOX   VBOXBIOS 00000002 INTL 20100528)
[    0.000000] ACPI: FACS 0x000000003FFF0200 000040
[    0.000000] ACPI: FACS 0x000000003FFF0200 000040
[    0.000000] ACPI: APIC 0x000000003FFF0240 00005C (v02 VBOX   VBOXAPIC 00000001 ASL  00000061)
[    0.000000] ACPI: SSDT 0x000000003FFF02A0 0001CC (v01 VBOX   VBOXCPUT 00000002 INTL 20100528)
[    0.000000] No NUMA configuration found
[    0.000000] Faking a node at [mem 0x0000000000000000-0x000000003ffeffff]
[    0.000000] NODE_DATA(0) allocated [mem 0x3ffc5000-0x3ffeffff]
[    0.000000] kvm-clock: cpu 0, msr 0:3ff44001, primary cpu clock
[    0.000000] kvm-clock: Using msrs 4b564d01 and 4b564d00
[    0.000000] kvm-clock: using sched offset of 5789446255 cycles
[    0.000000] clocksource: kvm-clock: mask: 0xffffffffffffffff max_cycles: 0x1cd42e4dff max_idl_n: 88159059148ns
[   .000000]Zoe ranges:[    0.000000]   DMA    [mem 0x000000000010000x000000000ffffff
[   0.00000]  DA3    [mm x0000000001000000-0x000000003fefff]
[    0000000  Normal  empy
[    0.000000]   Device   empty
[    0.00000] Movable zone start for each node
[    0.000000] Early memory node ranges
[    0.000000]   node   0: [mem 0x0000000000001000-0x000000000009efff]
[    0.000000]   node   0: [mem 0x0000000000100000-0x000000003ffeffff]
[    0.000000] Reserved but unavailable: 98 pages
[    0.000000] Initmem setup node 0 [mem 0x00000000000100-x0000003feeffff]
[    0.00000] ACPI: PM-imer I Prt: 0x408
[   0.00000] OAIC[0]: aicid 2, erion 32, addres 0xfec0000 GSI 0-2
    0.0000] ACPI: IN_SRC_OVR(bs 0 bus_irq  global_irq 2 fl dfl
[    .000000] ACPI: INT_SRC_OVR (bus 0 bus_irq 9 global_irq 9 low level)
[    0.000000] Using ACPI (MADT) for SMP configuration information
[    0.000000] smpboot: Allowing 2 CPUs, 0 hotplug CPUs
[    0.000000] PM: Registered nosave memory: [mem 0x00000000-0x00000fff]
[    0.000000] PM: Registered nosave memory: [mem 0x0009f000-0x0009ffff]
[    0.000000] PM: Registered nosave memory: [mem 0x000a0000-0x000effff]
[    0.000000] PM: Registered nosave memory: [mem 0x000f0000-0x000fffff]
[    0.000000] e820: [mem 0x40000000-0xfebfffff] available for PCI devices
[    0.000000] Booting paravirtualized kernel on KVM
[    0.000000] clocksource: refined-jiffies: mask: 0xffffffff max_cycles: 0xffffffff, max_idle_ns 745519600211568ns
[   0.00000] rndm: get_ranombyttes called frm startkerel+0x99/x4d withrng_init0
[   0000000] etp_percu:NR_CPU:892 nr_cpumak_its: n_cpu_ids2 r_node_is:
[    000000] perpu: Embedded 46 pages/cpu s151552 r8192 d28672 u1048576
[    0.000000] PV qspinlock hash table entries: 256 (order: 0, 4096 bytes)
[    0.000000] Built 1 zonelists, mobility grouping on.  Total pages: 257913
[    0.000000] Policy zone: DMA32
[    0.000000] Kernel command line: BOOT_IMAGE=/boot/vmlinuz-4.15.0-60-generic root=UUID=3364ebc8-7e32-4850-8391-76f1de97f453 ro console=tty1 console=ttyS0
[    0.000000] Memory: 982916K/1048120K available (12300K kernel code, 2481K rwdata, 417K rodata, 2436K init, 2384K bss, 65204K reserved, 0K cma-reserved)
[    0.000000] SLUB: HWalign=64, Order=0-3, MinObjects=0 CPUs=2, Nde=1
[   .0000]Kernel/Use pge tables soation:enbled
[   .00000] ftrace: llocatg 39306 tries in 154 pages
    .004000] Hrarcical CU iplmenttin.
[    0.00000] 	RCU restriing CPUs from NR_CPUS=8192 to nr_cpu_ids=2.
[    0.004000] 	Tasks RCU enabled.
[    0.004000] RCU: Adjusting geometry for rcu_fanout_leaf=16, nr_cpu_ids=2
[    0.004000] NR_IRQS: 524544, nr_irqs: 440, preallocated irqs: 16
[    0.004000] Console: colour VGA+ 80x25
[    0.004000] console [tty1] enabled
[    0.004000] console [ttyS0] enabled
[    0.004000] ACPI: Core revision 20170831
[    0.0040000] ACPI: 2 ACPI AML tables successfully acquired and loaded
[    0.004000] APIC: Switch to symmetric I/O mode setup
[    0.004000] x2apic enabled
[    0.004000] Switched APIC routing to physical x2apic.
[    0.004956] ..TIMER: vector=0x30 apic1=0 pin1=2 apic2=-1 pin2=-1
[    0.008002] tsc: Detected 28.000 MHz processor
[    0.012011] Calibrating delay loop (skipped) preset value.. 5616.00 BogoMIPS (lpj=11232000)
[    0.016007] pid_max: default: 32768 minimum: 301
[    0.020038] Security Framework initialized
[    0.024007] Yama: becoming mindful.
[    0.028037] AppArmor: AppArmor initialized
[    0.036040] Dentry cache hash table entries: 131072 (order: 8, 1048576 bytes)
[    0.040071] Inode-cache hash table entries: 65536 (order: 7, 524288 bytes)
[    0.044024] Mount-cache hash table entries: 2048 (order: 2, 16384 bytes)
[    0.048010] Mountpoint-cache hash table entries: 2048 (order: 2, 16384 bytes)
[    0.052224] Last level iTLB entries: 4KB 64, 2MB 8, 4MB 8
[    0.053487] Last level dTLB entries: 4KB 64, 2MB 0, 4MB 0, 1GB 4
[    0.056005] Spectre V1 : Mitigation: usercopy/swapgs barriers and __user pointer sanitization
[    0.060008] Spectre V2 : Mitigation: Full generic retpoline
[    0.064004] Spectre V2 : Spectre v2 / SpectreRSB mitigation: Filling RSB on context switch
[    0.068006] Speculative Store Bypass: Vulnerable
[    0.072050] MDS: Vulnerable: Clear CPU buffers attempted, no microcode
[    0.074042] Freeing SMP alternatives memory: 36K
[    0.080000] smpboot: CPU0: Intel(R) Core(TM) i7-7700HQ CPU @ 2.80GHz (family: 0x6, model: 0x9e, stepping: 0x9)
[    0.080078] Performance Events: unsupported p6 CPU model 158 no PMU driver, software events only.
[    0.084056] Hierarchical SRCU implementation.
[    0.088534] NMI watchdog: Perf event create on CPU 0 failed with -2
[    0.092005] NMI watchdog: Perf NMI watchdog permanently disabled
[    0.096163] smp: Bringing up secondary CPUs ...
[    0.100155] x86: Booting SMP configuration:
[    0.104007] .... node  #0, CPUs:      #1
[    0.004000] kvm-clock: cpu 1, msr 0:3ff44041, secondary cpu clock
[    0.240021] smp: Brought up 1 node, 2 CPUs
[    0.244009] smpboot: Max logical packages: 1
[    0.248006] smpboot: Total of 2 processors activated (11232.00 BogoMIPS)
[    0.250033] devtmpfs: initialized
[    0.252047] x86/mm: Memory block size: 128MB
[    0.253371] evm: security.selinux
[    0.254243] evm: security.SMACK64
[    0.255222] evm: security.SMACK64EXEC
[    0.256003] evm: security.SMACK64TRANSMUTE
[    0.257261] evm: security.SMACK64MMAP
[    0.260002] evm: security.apparmor
[    0.261018] evm: security.ima
[    0.261781] evm: security.capability
[    0.262817] clocksource: jiffies: mask: 0xffffffff max_cycles: 0xffffffff, max_idle_ns: 7645041785100000 ns
[    0.264014] futex hash table entries: 512 (order: 3, 32768 bytes)
[    0.268023] pinctrl core: initialized pinctrl subsystem
[    0.269826] RTC time:  4:23:07, date: 09/07/19
[    0.272169] NET: Registered protocol family 16
[    0.273454] audit: initializing netlink subsys (disabled)
[    0.274828] audit: type=2000 audit(1567830186.122:1): state=initialized audit_enabled=0 res=1
[    0.276010] cpuidle: using governor ladder
[    0.277180] cpuidle: using governor menu
[    0.280034] ACPI: bus type PCI registered
[    0.284005] acpiphp: ACPI Hot Plug PCI Controller Driver version: 0.5
[    0.285814] PCI: Using configuration type 1 for base access
[    0.289005] HugeTLB registered 2.00 MiB page size, pre-allocated 0 pages
[    0.289521] ACPI: Added _OSI(Module Device)
[    0.292004] ACPI: Added _OSI(Processor Device)
[    0.296007] ACPI: Added _OSI(3.0 _SCP Extensions)
[    0.300005] ACPI: Added _OSI(Processor Aggregator Device)
[    0.304009] ACPI: Added _OSI(Linux-Dell-Video)
[    0.308014] ACPI: Added _OSI(Linux-Lenovo-NV-HDMI-Audio)
[    0.312017] ACPI: Added _OSI(Linux-HPI-Hybrid-Graphics)
[    0.316459] ACPI: Executed 1 blocks of module-level executable AML code
[    0.324754] ACPI: Interpreter enabled
[    0.328022] ACPI: (supports S0 S5)
[    0.332004] ACPI: Using IOAPIC for interrupt routing
[    0.336209] PCI: Using host bridge windows from ACPI; if necessary, use "pci=nocrs" and report a bug
[    0.340226] ACPI: Enabled 2 GPEs in block 00 to 07
[    0.351436] ACPI: PCI Root Bridge [PCI0] (domain 0000 [bus 00-ff])
[    0.352010] acpi PNP0A03:00: _OSC: OS supports [ASPM ClockPM Segments MSI]
[    0.356044] acpi PNP0A03:00: _OSC: not requesting OS control; OS requires [ExtendedConfig ASPM ClockPM MSI]
[    0.360024] acpi PNP0A03:00: fail to add MMCONFIG information, can't access extended PCI configuration space under this bridge.
[    0.364512] PCI host bridge to bus 0000:00
[    0.365503] pci_bus 0000:00: root bus resource [io  0x0000-0x0cf7 window]
[    0.368004] pci_bus 0000:00: root bus resource [io  0x0d00-0xffff window]
[    0.369891] pci_bus 0000:00: root bus resource [mem 0x000a0000-0x000bffff window]
[    0.372004] pci_bus 0000:00: root bus resource [mem 0x40000000-0xfdffffff window]
[    0.374134] pci_bus 0000:00: root bus resource [bus 00-ff]
[    0.379319] pci 0000:00:01.1: legacy IDE quirk: reg 0x10: [io  0x01f0-0x01f7]
[    0.380003] pci 0000:00:01.1: legacy IDE quirk: reg 0x14: [io  0x03f6]
[    0.384004] pci 0000:00:01.1: legacy IDE quirk: reg 0x18: [io  0x0170-0x0177]
[    0.388004] pci 0000:00:01.1: legacy IDE quirk: reg 0x1c: [io  0x0376]
[    0.406671] pci 0000:00:07.0: quirk: [io  0x4000-0x403f] claimed by PIIX4 ACPI
[    0.408043] pci 0000:00:07.0: quirk: [io  0x4100-0x410f] claimed by PIIX4 SMB
[    0.426483] ACPI: PCI Interrupt Link [LNKA] (IRQs 5 9 10 *11)
[    0.428311] ACPI: PCI Interrupt Link [LNKB] (IRQs 5 9 *10 11)
[    0.429973] ACPI: PCI Interrupt Link [LNKC] (IRQs 5 *9 10 11)
[    0.432143] ACPI: PCI Interrupt Link [LNKD] (IRQs 5 9 10 *11)
[    0.434229] SCSI subsystem initialized
[    0.436050] pci 0000:00:02.0: vgaarb: setting as boot VGA device
[    0.437685] pci 0000:00:02.0: vgaarb: VGA device added: decodes=io+mem,owns=io+mem,locks=none
[    0.440011] pci 0000:00:02.0: vgaarb: bridge control possible
[    0.441528] vgaarb: loaded
[    0.442363] ACPI: bus type USB registered
[    0.444030] usbcore: registered new interface driver usbfs
[    0.445489] usbcore: registered new interface driver hub
[    0.446944] usbcore: registered new device driver usb
[    0.448063] EDAC MC: Ver: 3.0.0
[    0.449087] PCI: Using ACPI for IRQ routing
[    0.449333] NetLabel: Initializing
[    0.452002] NetLabel:  domain hash size = 128
[    0.453098] NetLabel:  protocols = UNLABELED CIPSOv4 CALIPSO
[    0.454591] NetLabel:  unlabeled traffic allowed by default
[    0.456106] clocksource: Switched to clocksource kvm-clock
[    0.4697] VFS: Disk quotas dquot_6.6.0
[    0.523989] VFS: Dquot-cache hash table entries: 512 (order 0, 4096 bytes)
[    0.526026] AppArmor: AppArmor Filesystem Enabled
[    0.527463] pnp: PnP ACPI init
[    0.529493] pnp: PnP ACPI: found 3 devices

[  05486] loksrc: pipmmak:0xffff ma_ccles: 0xfffff m_idle_ns 257104 s[   .2268] NET:Registered protocol famil 2

[    1.413467] TCP established hash table entries: 8192 (order: 4, 65536 bytes)
[    1.415293] TCP bind hash table entries: 8192 (order: 5, 131072 bytes)
[    1.417119] TCP: Hash tables configured (established 8192 bind 8192)
[    1.418812] UDP hash table entries: 512 (order: 2, 16384 bytes)
[    1.420302] UDP-Lite hash table entries: 512 (order: 2, 16384 bytes)
[    1.421952] NET: gierd roocl amly1[   .641] pci000::0.0 Lming dirctPCPC tanfes[   2.9406 pi 00:0:0.0 Ativaing ISA DMA hang workarounds

[    2.474584] pci 0000:00:02.0: Video device with shadowed ROM at [mem 0x000c0000-0x000dffff]
[    2.477115] Unpacking initramfs...
[    2.720399] Freeing initrd memory: 19668K
[    2.793242] clocksource: tsc: mask: 0xffffffffffffffff max_cycles: 0x2879c5f06f2, max_idle_ns: 440795220049 ns
[    2.978548] platform rtc_cmos: registered platform RTC device (no PNP device found)
[    3.152779] Scanning for low memory corruption every 60 seconds
[    3.272216] Initialise system trusted keyrings
[    3.316164] Key type blacklist registered
[    3.369753] workingset: timestamp_bits=36 max_order=18 bucket_order=0
[    3.470664] zbud: loaded
[    3.497852] squashfs: version 4.0 (2009/01/31) Phillip Lougher
[    3.551011] fuse init (API version 7.26)
[    3.556826] Key type asymmetric registered
[    3.558060] Asymmetric key parser 'x509' registered
[    3.559454] Block layer SCSI generic (bsg) driver version 0.4 loaded (major 246)
[    3.561621] io scheduler noop registered
[    3.564253] io scheduler deadline registered
[    3.565427] io scheduler cfq registered (default)
[    3.567309] ACPI: AC Adapter [AC] (on-line)
[    3.568603] input: Power Button as /devices/LNXSYSTM:00/LNXPWRBN:00/input/input0
[    3.570753] ACPI: Power Button [PWRF]
[    3.571901] input: Sleep Button as /devices/LNXSYSTM:00/LNXSLPBN:00/input/input1
[    3.574033] ACPI: Sleep Button [SLPF]
[    3.578693] ACPI: Battery Slot [BAT0] (battery present)
[    3.582714] Serial: 8250/16550 driver, 32 ports, IRQ sharing enabled
[    3.609096] 00:02: ttyS0 at I/O 0x3f8 (irq = 4, base_baud = 115200) is a 16550A
[    3.768434] Linux agpgart interface v0.103
[    3.825091] loop: module loaded
[    3.876214] scsi host0: ata_piix
[    3.916058] scsi host1: ata_piix
[    3.986384] ata1: PATA max UDMA/33 cmd 0x1f0 ctl 0x3f6 bmdma 0xd000 irq 14
[    4.080711] ata2: PATA max UDMA/33 cmd 0x170 ctl 0x376 bmdma 0xd008 irq 15
[    4.166776] libphy: Fixed MDIO Bus: probed
[    4.206116] tun: Universal TUN/TAP device driver, 1.6
[    4.281761] PPP generic driver version 2.4.2
[    4.333987] ehci_hcd: USB 2.0 'Enhanced' Host Controller (EHCI) Driver
[    4.446227] ehci-pci: EHCI PCI platform driver
[    4.500397] ehci-platform: EHCI generic platform driver
[    4.534515] ohci_hcd: USB 1.1 'Open' Host Controller (OHCI) Driver
[    4.609675] ohci-pci: OHCI PCI platform driver
[    4.640542] ohci-platform: OHCI generic platform driver
[    4.641860] uhci_hcd: USB Universal Host Controller Interface driver
[    4.643694] i8042: PNP: PS/2 Controller [PNP0303:PS2K,PNP0f03:PS2M] at 0x60,0x64 irq 1,12
[    4.646556] serio: i8042 KBD port at 0x60,0x64 irq 1
[    4.648025] serio: i8042 AUX port at 0x60,0x64 irq 12
[    4.649692] mousedev: PS/2 mouse device common for all mice
[    4.651879] rtc_cmos rtc_cmos: rtc core: registered rtc_cmos as rtc0
[    4.653812] input: AT Translated Set 2 keyboard as /devices/platform/i8042/serio0/input/input2
[    4.656090] rtc_cmos rtc_cmos: alarms up to one day, 114 bytes nvram
[    4.660433] i2c /dev entries driver
[    4.661561] device-mapper: uevent: version 1.0.3
[    4.662874] device-mapper: ioctl: 4.37.0-ioctl (2017-09-20) initialised: dm-devel@redhat.com
[    4.665271] ledtrig-cpu: registered to indicate activity on CPUs
[    4.667616] NET: Registered protocol family 10
[    4.672614] Segment Routing with IPv6
[    4.673737] NET: Registered protocol family 17
[    4.675147] Key type dns_resolver registered
[    4.676743] mce: Using 0 MCE banks
[    4.677771] RAS: Correctable Errors collector initialized.
[    4.679295] sched_clock: Marking stable (4676717928, 0)->(13877040894, -9200322966)
[    4.682426] registered taskstats version 1
[    4.683483] Loading compiled-in X.509 certificates
[    4.686739] Loaded X.509 cert 'Build time autogenerated kernel key: 9d88e3c0462fa0d2df2917e8bbfdfdd1c55d8ddc'
[    4.689146] zswap: loaded using pool lzo/zbud
[    4.694678] Key type big_key registered
[    4.813889] Key type trusted registered
[    4.893310] Key type encrypted registered
[    4.976397] AppArmor: AppArmor sha1 policy hashing enabled
[    5.069621] ima: No TPM chip found, activating TPM-bypass! (rc=-19)
[    5.235712] ima: Allocated hahh algorithm: sha1
[    5.356789] evm: HMAC attrs: 0x1
[    5.446563]   Magic number: 3:787:362
[    5.546069] rtc_cmos rtc_cmos: setting system clock to 2019-09-07 04:23:13 UTC (1567830193)
[    5.731982] BIOS EDD facility v0.16 2004-Jun-25, 0 devices found
[    5.734069] EDD information not available.
[    5.738027] Freeing unused kernel image memory: 2436K
[    5.752089] Write protecting the kernel read-only data: 20480k
[    5.754396] Freeing unused kernel image memory: 2008K
[    5.755949] Freeing unused kernel image memory: 1972K
[    5.762440] x86/mm: Checked W+X mappings: passed, no W+X pages found.
[    5.764745] x86/mm: Checking user space page tables
[    5.771175] x86/mm: Checked W+X mappings: passed, no W+X pages found.
Loading, please wait...
starting version 237
[    6.001951] e1000: Intel(R) PRO/1000 Network Driver - version 7.3.21-k8-NAPI
[    6.114189] e1000: Copyright (c) 1999-2006 Intel Corporation.
[    6.222463] Fusion MPT base driver 3.04.20
[    6.286745] Copyright (c) 1999-2008 LSI Corporation
[    6.379431] Fusion MPT SPI Host driver 3.04.20
[    6.449080] AVX2 version of gcm_enc/dec engaged.
[    6.495653] AES CTR mode by8 optimization enabled
[    6.773836] input: ImExPS/2 Generic Explorer Mouse as /devices/platform/i8042/serio1/input/input4
[    6.849799] e1000 0000:00:03.0 eth0: (PCI:33MHz:32-bit) 02:3b:4e:3f:5a:8d
[    6.851885] e1000 0000:00:03.0 eth0: Intel(R) PRO/1000 Network Connection
[    7.263780] e1000 0000:00:08.0 eth1: (PCI:33MHz:32-bit) 08:00:27:14:d8:d7
[    7.447132] e1000 0000:00:08.0 eth1: Intel(R) PRO/1000 Network Connection
[    7.657395] e1000 0000:00:08.0 enp0s8: renamed from eth1
[    7.712627] mptbase: ioc0: Initiating bringup
[    7.789422] e1000 0000:00:03.0 enp0s3: renamed from eth0
[    7.940869] ioc0: LSI53C1030 A0: Capabilities={Initiator}
[    8.339661] scsi host2: ioc0: LSI53C1030 A0, FwRev=00000000h, Ports=1, MaxQ=256, IRQ=20
[    8.693822] scsi 2:0:0:0: Direct-Access     VBOX     HARDDISK         1.0  PQ: 0 ANSI: 5
[    9.285932] scsi target2:0:0: Beginning Domain Validation
[   10.337497] scsi target2:0:0: Domain Validation skipping write tests
[   11.416739] scsi target2:0:0: Ending Domain Validation
[   12.241688] scsi target2:0:0: asynchronous
[   12.881935] scsi 2:0:1:0: Direct-Access     VBOX     HARDDISK         1.0  PQ: 0 ANSI: 5
[   14.356148] scsi target2:0:1: Beginning Domain Validation
[   15.260226] random: fast init done
[   15.654444] scsi target2:0:1: Domain Validation skipping write tests
[   15.656136] scsi target2:0:1: Ending Domain Validation
[   15.657728] scsi target2:0:1: asynchronous
[   15.662839] random: systemd-udevd: uninitialized urandom read (16 bytes read)
[   15.662866] sd 2:0:0:0: Attached scsi generic sg0 type 0
[   15.665317] random: systemd-udevd: uninitialized urandom read (16 bytes read)
[   15.667156] sd 2:0:1:0: Attached scsi generic sg1 type 0
[   15.669306] random: systemd-udevd: uninitialized urandom read (16 bytes read)
[   15.672614] sd 2:0:1:0: [sdb] 20480 512-byte logical blocks: (10.5 MB/10.0 MiB)
[   15.676722] sd 2:0:0:0: [sda] 20971520 512-byte logical blocks: (10.7 GB/10.0 GiB)
[   15.676798] sd 2:0:1:0: [sdb] Write Protect is off
[   15.680219] sd 2:0:0:0: [sda] Write Protect is off
[   15.681653] sd 2:0:0:0: [sda] Incomplete mode parameter data
[   15.681770] sd 2:0:1:0: [sdb] Incomplete mode parameter data
[   15.683216] sd 2:0:0:0: [sda] Assuming drive cache: write through
[   15.685553] sd 2:0:1:0: [sdb] Assuming drive cache: write through
[   15.697569]  sda: sda1
[   15.698482] sd 2:0:1:0: [sdb] Attached SCSI disk
[   15.701045] sd 2:0:0:0: [sda] Attached SCSI disk
Begin: Loading essential drivers ... [   17.100273] raid6: sse2x1   gen() 12286 MB/s
[   17.256021] raid6: sse2x1   xor()  8389 MB/s
[   17.400911] raid6: sse2x2   gen() 15940 MB/s
[   17.540300] raid6: sse2x2   xor() 10277 MB/s
[   17.664756] raid6: sse2x4   gen() 16678 MB/s
[   17.720140] raid6: sse2x4   xor()  9670 MB/s
[   17.877205] raid6: avx2x1   gen() 25498 MB/s
[   18.033526] raid6: avx2x1   xor() 18193 MB/s
[   18.256192] raid6: avx2x2   gen() 31052 MB/s
[   18.436021] raid6: avx2x2   xor() 22277 MB/s
[   18.604401] raid6: avx2x4   gen() 38766 MB/s
[   18.772663] raid6: avx2x4   xor() 18859 MB/s
[   18.774400] raid6: using algorithm avx2x4 gen() 38766 MB/s
[   18.775998] raid6: .... xor() 18859 MB/s, rmw enabled
[   18.777495] raid6: using avx2x2 recovery algorithm
[   18.780291] xor: automatically using best checksumming function   avx       
[   18.783512] async_tx: api initialized (async)
done.
Begin: Running /scripts/init-premount ... done.
Begin: Mounting root file[   18.825540] Btrfs loaded, crc32c=crc32c-intel
 system ... Begin: Running /scripts/local-top ... done.
Begin: Running /scripts/local-premount ... Scanning for Btrfs filesystems
done.
Warning: fsck not present, so sk[   18.924111] EXT4-fs (sda1): mounted filesystem with ordered data mode. Opts: (null)
ipping root file system
done.
Begin: Running /scripts/local-bottom ... done.
Begin: Running /scripts/init-bottom ... done.
[   19.231222] ip_tables: (C) 2000-2006 Netfilter Core Team
[   19.240673] systemd[1]: systemd 237 running in system mode. (+PAM +AUDIT +SELINUX +IMA +APPARMOR +SMACK +SYSVINIT +UTMP +LIBCRYPTSETUP +GCRYPT +GNUTLS +ACL +XZ +LZ4 +SECCOMP +BLKID +ELFUTILS +KMOD -IDN2 +IDN -PCRE2 default-hierarchy=hybrid)
[   19.245502] systemd[1]: Detected virtualization oracle.
[   19.294839] systemd[1]: Detected architecture x86-64.

Welcome to [1mUbuntu 18.04.2 LTS[0m!

[   19.461527] systemd[1]: Set hostname to <ubuntu-bionic>.
[   19.861342] systemd[1]: Reached target Swap.
[[0;32m  OK  [0m] Reached target Swap.
[   19.864322] systemd[1]: Reached target System Time Synchronized.
[[0;32m  OK  [0m] Reached target System Time Synchronized.
[   19.868897] systemd[1]: Reached target User and Group Name Lookups.
[[0;32m  OK  [0m] Reached target User and Group Name Lookups.
[   19.875490] systemd[1]: Created slice User and Session Slice.
[[0;32m  OK  [0m] Created slice User and Session Slice.
[   19.879220] systemd[1]: Set up automount Arbitrary Executable File Formats File System Automount Point.
[[0;32m  OK  [0m] Set up automount Arbitrary Executabâ€¦rmats File System Automount Point.
[   19.884597] systemd[1]: Created slice System Slice.
[[0;32m  OK  [0m] Created slice System Slice.
[[0;32m  OK  [0m] Created slice system-serial\x2dgetty.slice.
[[0;32m  OK  [0m] Listening on udev Control Socket.
[[0;32m  OK  [0m] Listening on udev Kernel Socket.
[[0;32m  OK  [0m] Listening on Network Service Netlink Socket.
[[0;32m  OK  [0m] Listening on Journal Audit Socket.
[[0;32m  OK  [0m] Listening on Journal Socket.
         Starting Set the console keyboard layout...
         Starting Load Kernel Modules...
         [   20.207137] Loading iSCSI transport class v2.0-870.
Mounting Kernel Debug File System...
[   20.372649] iscsi: registered transport (tcp)
         Starting Create list of required stâ€¦ce nodes for the current k[   20.489943] iscsi: registered transport (iser)
ernel...
         Mounting Huge Pages File System...
[[0;32m  OK  [0m] Reached target Slices.
[[0;32m  OK  [0m] Listening on LVM2 metadata daemon socket.
[[0;32m  OK  [0m] Listening on /dev/initctl Compatibility Named Pipe.
         Starting Uncomplicated firewall...
[[0;32m  OK  [0m] Listening on Device-mapper event daemon FIFOs.
         Starting Monitoring of LVM2 mirrorsâ€¦ng dmeventd or progress polling...
         Starting udev Coldplug all Devices...
[[0;32m  OK  [0m] Listening on LVM2 poll daemon socket.
         Starting Remount Root and Kernel File Systems...
[[0;32m  OK  [0m] Listening on Journal Socket (/dev/log).
         Mounting POSIX Message Queue Fil[   20.734990] EXT4-fs (sda1): re-mounted. Opts: (null)
e System...
[[0;32m  OK  [0m] Started Forward Password Requests to Wall Directory Watch.
[[0;32m  OK  [0m] Listening on Syslog Socket.
         Starting Journal Service...
[[0;32m  OK  [0m] Started Load Kernel Modules.
[[0;32m  OK  [0m] Mounted Kernel Debug File System.
[[0;32m  OK  [0m] Started Create list of required staâ€¦vice nodes for the current kernel.
[[0;32m  OK  [0m] Mounted Huge Pages File System.
[[0;32m  OK  [0m] Started Uncomplicated firewall.
[   20.975803] random: crng init done
[   20.976828] random: 7 urandom warning(s) missed due to ratelimiting
[[0;32m  OK  [0m] Started Remount Root and Kernel File Systems.
[[0;32m  OK  [0m] Mounted POSIX Message Queue File System.
[[0;32m  OK  [0m] Started LVM2 metadata daemon.
         Starting Load/Save Random Seed...
         Starting Create Static Device Nodes in /dev...
         Starting Apply Kernel Variables...
         Mounting FUSE Control File System...
         Mounting Kernel Configuration File System...
[[0;32m  OK  [0m] Mounted Kernel Configuration File System.
[[0;32m  OK  [0m] Started Monitoring of LVM2 mirrors,â€¦sing dmeventd or progress polling.
[[0;32m  OK  [0m] Started Journal Service.
[[0;32m  OK  [0m] Started udev Coldplug all Devices.
[[0;32m  OK  [0m] Started Load/Save Random Seed.
[[0;32m  OK  [0m] Started Create Static Device Nodes in /dev.
[[0;32m  OK  [0m] Started Apply Kernel Variables.
[[0;32m  OK  [0m] Mounted FUSE Control File System.
[[0;32m  OK  [0m] Started Set the console keyboard layout.
         Starting udev Kernel Device Manager...
         Starting Flush Journal to Persistent Storage...
[[0;32m  OK  [0m] Reached target Local File Systems (Pre).
[[0;32m  OK  [0m] Reached target Local File Systems.
         Starting Tell Plymouth To Write Out Runtime Data...
         Starting Set console font and keymap...
         Starting AppArmor initialization...
         Starting ebtables ruleset management...
[[0;32m  OK  [0m] Started udev Kernel Device Manager.
[[0;32m  OK  [0m] Started Tell Plymouth To Write Out Runtime Data.
[[0;32m  OK  [0m] Started Set console font and keymap.
[[0;32m  OK  [0m] Found device /dev/ttyS0.
[[0;32m  OK  [0m] Started ebtables ruleset management.
[[0;32m  OK  [0m] Listening on Load/Save RF Kill Switch Status /dev/rfkill Watch.
[[0;32m  OK  [0m] Started Dispatch Password Requests to Console Directory Watch.
[[0;32m  OK  [0m] Reached target Local Encrypted Volumes.
[[0;32m  OK  [0m] Started Flush Journal to Persistent Storage.
         Starting Create Volatile Files and Directories...
[[0;32m  OK  [0m] Started Create Volatile Files and Directories.
[[0;32m  OK  [0m] Started AppArmor initialization.
         Starting Update UTMP about System Boot/Shutdown...
         Starting Initial cloud-init job (pre-networking)...
[[0;32m  OK  [0m] Started Update UTMP about System Boot/Shutdown.
[   23.140455] cloud-init[654]: Cloud-init v. 19.1-1-gbaa47854-0ubuntu1~18.04.1 running 'init-local' at Sat, 07 Sep 2019 04:23:30 +0000. Up 22.93 seconds.
[[0;32m  OK  [0m] Started Initial cloud-init job (pre-networking).
[[0;32m  OK  [0m] Reached target Network (Pre).
         Starting Network Service...
[[0;32m  OK  [0m] Started Network Service.
         Starting Wait for Network to be Configured...
         Starting Network Name Resolution...
[[0;32m  OK  [0m] Started Network Name Resolution.
[[0;32m  OK  [0m] Reached target Network.
[[0;32m  OK  [0m] Reached target Host and Network Name Lookups.
[[0;32m  OK  [0m] Started Wait for Network to be Configured.
         Starting Initial cloud-init job (metadata service crawler)...
[   25.362056] cloud-init[774]: Cloud-init v. 19.1-1-gbaa47854-0ubuntu1~18.04.1 running 'init' at Sat, 07 Sep 2019 04:23:33 +0000. Up 25.22 seconds.
[   25.380516] cloud-init[774]: ci-info: ++++++++++++++++++++++++++++++++++++++Net device info+++++++++++++++++++++++++++++++++++++++
[   25.460390] cloud-init[774]: ci-info: +--------+------+-----------------------------+---------------+--------+-------------------+
[[   25.572947] cloud-init[774]: ci-info: | Device |  Up  |           Address           |      Mask     | Scope  |     Hw-Address    |
[   25.573308] cloud-init[774]: ci-info: +--------+------+-----------------------------+---------------+--------+-------------------+
[0;32m  OK  [0m] Started Initial cloud-init job (metadata service crawler).
[   25.573679] cloud-init[774]: ci-info: | enp0s3 | True |          10.0.2.15          | 255.255.255.0 | global | 02:3b:4e:3f:5a:8d |
[[   25.889101] cloud-init[774]: ci-info: | enp0s3 | True |  fe80::3b:4eff:fe3f:5a8d/64 |       .       |  link  | 02:3b:4e:3f:5a:8d |
[   25.889547] cloud-init[774]: ci-info: | enp0s8 | True |        192.168.33.10        | 255.255.255.0 | global | 08:00:27:14:d8:d7 |
[0;32m  OK  [0m[   25.890289] ] Reached target Cloud-config availability.
cloud-init[774]: ci-info: | enp0s8 | True | fe80::a00:27ff:fe14:d8d7/64 |       .       |  link  | 08:00:27:14:d8:d7 |
[[   25.890369] cloud-init[774]: ci-info: |   lo   | True |          127.0.0.1          |   255.0.0.0   |  host  |         .         |
[   26.145818] cloud-init[774]: ci-info: |   lo   | True |           ::1/128           |       .       |  host  |         .         |
[0;32m  OK  [0m] Reached target Network is Online.
[   26.146210] cloud-init[774]: ci-info: +--------+------+-----------------------------+---------------+--------+-------------------+
         [   26.414429] cloud-init[774]: ci-info: +++++++++++++++++++++++++++++Route IPv4 info+++++++++++++++++++++++++++++
[   26.415042] cloud-init[774]: ci-info: +-------+--------------+----------+-----------------+-----------+-------+
[   26.415532] cloud-init[774]: ci-info: | Route | Destination  | Gateway  |     Genmask     | Interface | Flags |
[   26.416200] cloud-init[774]: ci-info: +-------+--------------+----------+-----------------+-----------+-------+
[   26.416629] cloud-init[774]: ci-info: |   0   |   0.0.0.0    | 10.0.2.2 |     0.0.0.0     |   enp0s3  |   UG  |
[   26.417569] cloud-init[774]: ci-info: |   1   |   10.0.2.0   | 0.0.0.0  |  255.255.255.0  |   enp0s3  |   U   |
[   26.418010] cloud-init[774]: ci-info: |   2   |   10.0.2.2   | 0.0.0.0  | 255.255.255.255 |   enp0s3  |   UH  |
[   26.418948] cloud-init[774]: ci-info: |   3   | 192.168.33.0 | 0.0.0.0  |  255.255.255.0  |   enp0s8  |   U   |
[   26.419536] cloud-init[774]: ci-info: +-------+--------------+----------+-----------------+-----------+-------+
[   26.419878] cloud-init[774]: ci-info: +++++++++++++++++++Route IPv6 info+++++++++++++++++++
[   26.421282] cloud-init[774]: ci-info: +-------+-------------+---------+-----------+-------+
[   26.422302] cloud-init[774]: ci-info: | Route | Destination | Gateway | Interface | Flags |
[   26.422837] cloud-init[774]: ci-info: +-------+-------------+---------+-----------+-------+
[   26.423365] cloud-init[774]: ci-info: |   1   |  fe80::/64  |    ::   |   enp0s8  |   U   |
Starting Availability of block devices...
[[   26.423473] cloud-init[774]: ci-info: |   2   |  fe80::/64  |    ::   |   enp0s3  |   U   |
[   26.457818] cloud-init[774]: ci-info: |   4   |    local    |    ::   |   enp0s3  |   U   |
[   26.458195] cloud-init[774]: ci-info: |   5   |    local    |    ::   |   enp0s8  |   U   |
[   26.458511] cloud-init[774]: ci-info: |   6   |   ff00::/8  |    ::   |   enp0s8  |   U   |
[   26.458853] cloud-init[774]: ci-info: |   7   |   ff00::/8  |    ::   |   enp0s3  |   U   |
[   26.459182] cloud-init[774]: ci-info: +-------+-------------+---------+-----------+-------+
[0;32m  OK  [0m] Reached target Remote File Systems (Pre).
[[0;32m  OK  [0m] Reached target Remote File Systems.
[[0;32m  OK  [0m] Reached target System Initialization.
[[0;32m  OK  [0m] Started Message of the Day.
         Starting Socket activation for snappy daemon.
         Starting LXD - unix socket.
[[0;32m  OK  [0m] Listening on UUID daemon activation socket.
[[0;32m  OK  [0m] Listening on Open-iSCSI iscsid Socket.
[[0;32m  OK  [0m] Started Daily apt download activities.
[[0;32m  OK  [0m] Listening on D-Bus System Message Bus Socket.
[[0;32m  OK  [0m] Listening on ACPID Listen Socket.
[[0;32m  OK  [0m] Started Daily Cleanup of Temporary Directories.
[[0;32m  OK  [0m] Started ACPI Events Check.
[[0;32m  OK  [0m] Reached target Paths.
[[0;32m  OK  [0m] Started Discard unused blocks once a week.
[[0;32m  OK  [0m] Started Daily apt upgrade and clean activities.
[[0;32m  OK  [0m] Reached target Timers.
[[0;32m  OK  [0m] Started Availability of block devices.
[[0;32m  OK  [0m] Listening on Socket activation for snappy daemon.
[[0;32m  OK  [0m] Listening on LXD - unix socket.
[[0;32m  OK  [0m] Reached target Sockets.
[[0;32m  OK  [0m] Reached target Basic System.
         Starting Login Service...
         Starting LXD - container startup/shutdown...
         Starting System Logging Service...
         Starting LSB: automatic crash report generation...
[[0;32m  OK  [0m] Started irqbalance daemon.
         Starting LSB: Record successful boot for GRUB...
         Starting OpenBSD Secure Shell server...
[[0;32m  OK  [0m] Started FUSE filesystem for LXC.
         Starting Dispatcher daemon for systemd-networkd...
         Starting Accounts Service...
[[0;32m  OK  [0m] Started D-Bus System Message Bus.
[[0;32m  OK  [0m] Started Login Service.
[[0;32m  OK  [0m] Started Unattended Upgrades Shutdown.
         Starting Permit User Sessions...
[[0;32m  OK  [0m] Started Regular background program processing daemon.
[[0;32m  OK  [0m] Started Deferred execution scheduler.
         Starting vboxadd.service...
         Starting Snappy daemon...
[[0;32m  OK  [0m] Started System Logging Service.
[[0;32m  OK  [0m] Started Dispatcher daemon for systemd-networkd.
[[0;32m  OK  [0m] Started LXD - container startup/shutdown.
[[0;32m  OK  [0m] Started Permit User Sessions.
[[0;32m  OK  [0m] Started OpenBSD Secure Shell server.
         Starting Authorization Manager...
         Starting Terminate Plymouth Boot Screen...
         Starting Hold until boot process finishes up...
[[0;32m  OK  [0m] Started Snappy daemon.
[[0;32m  OK  [0m] Started LSB: automatic crash report generation.
[[0;32m  OK  [0m] Started LSB: Record successful boot for GRUB.
[[0;32m  OK  [0m] Started vboxadd.service.
[[0;32m  OK  [0m] Started Terminate Plymouth Boot Screen.
[[0;32m  OK  [0m] Started Hold until boot process finishes up.
[[0;32m  OK  [0m] Started Authorization Manager.
[[0;32m  OK  [0m] Started Accounts Service.
[[0;32m  OK  [0m] Started Serial Getty on ttyS0.
         Starting Set console scheme...
         Starting vboxadd-service.service...
         Starting Wait until snapd is fully seeded...
[[0;32m  OK  [0m] Started Set console scheme.
[[0;32m  OK  [0m] Started vboxadd-service.service.
[[0;32m  OK  [0m] Started Wait until snapd is fully seeded.
         Starting Apply the settings specified in cloud-config...
[[0;32m  OK  [0m] Created slice system-getty.slice.
[[0;32m  OK  [0m] Started Getty on tty1.
[[0;32m  OK  [0m] Reached target Login Prompts.
[[0;32m  OK  [0m] Reached target Multi-User System.
[[0;32m  OK  [0m] Reached target Graphical Interface.
         Starting Update UTMP about System Runlevel Changes...
[[0;32m  OK  [0m] Started Update UTMP about System Runlevel Changes.
[   28.756816] cloud-init[1333]: Cloud-init v. 19.1-1-gbaa47854-0ubuntu1~18.04.1 running 'modules:config' at Sat, 07 Sep 2019 04:23:36 +0000. Up 28.67 seconds.
[[0;32m  OK  [0m] Started Apply the settings specified in cloud-config.
         Starting Execute cloud user/final scripts...
[   29.265004] cloud-init[1414]: Cloud-init v. 19.1-1-gbaa47854-0ubuntu1~18.04.1 running 'modules:final' at Sat, 07 Sep 2019 04:23:37 +0000. Up 29.16 seconds.
[[0;32m  OK  [0m] Started Execute cloud user/final scripts.
[[0;32m  OK  [[   29.367399] cloud-init[1414]: Cloud-init v. 19.1-1-gbaa47854-0ubuntu1~18.04.1 finished at Sat, 07 Sep 2019 04:23:37 +0000. Datasource DataSourceNoCloud [seed=/dev/sdb][dsmode=net].  Up 29.25 seconds

Ubuntu 18.04.2 LTS ubuntu-bionic ttyS0

ubuntu-bionic login: 